// Jest Snapshot v1, https://goo.gl/fbAQLP

exports[`renders <Footer/> without throwing 1`] = `
.c0 {
  background: rgb(250,250,250);
  display: -webkit-box;
  display: -webkit-flex;
  display: -ms-flexbox;
  display: flex;
  list-style: none;
  padding: 0.75rem 1.125rem;
  border-top: 0.0625rem solid rgb(216,216,216);
  width: 100%;
  -webkit-box-pack: end;
  -webkit-justify-content: flex-end;
  -ms-flex-pack: end;
  justify-content: flex-end;
  position: absolute;
  box-sizing: border-box;
  bottom: 0;
}

.c1 {
  color: rgb(151,151,151);
}

.c1:not(:last-child) {
  padding-right: 1.5rem;
}

.c2 {
  color: rgb(151,151,151);
  -webkit-text-decoration: none;
  text-decoration: none;
}

.c3 {
  font-weight: 600;
}

<ul
  className="c0"
>
  <li
    className="c1"
  >
    <a
      className="c2"
      href="https://www.joyent.com/about/policies"
      rel="noopener noreferrer"
      target="__blank"
    >
      Policies
    </a>
  </li>
  <li
    className="c1"
  >
    <a
      className="c2"
      href="https://www.joyent.com/networking-and-security/security-compliance"
      rel="noopener noreferrer"
      target="__blank"
    >
      Compliance
    </a>
  </li>
  <li
    className="c1"
  >
    <span
      className="c3"
    >
      Â© 
      2018
       Joyent, Inc.
    </span>
  </li>
</ul>
`;
