// Jest Snapshot v1, https://goo.gl/fbAQLP

exports[`renders <Name /> without throwing 1`] = `
.c5 {
  margin-top: 0.1875rem;
}

.c10 {
  margin-left: 0.375rem;
}

.c0 {
  display: -webkit-box;
  display: -webkit-flex;
  display: -ms-flexbox;
  display: flex;
  -webkit-flex-direction: row;
  -ms-flex-direction: row;
  flex-direction: row;
  -webkit-flex-wrap: nowrap;
  -ms-flex-wrap: nowrap;
  flex-wrap: nowrap;
  -webkit-box-pack: start;
  -webkit-justify-content: flex-start;
  -ms-flex-pack: start;
  justify-content: flex-start;
  -webkit-align-content: stretch;
  -ms-flex-line-pack: stretch;
  align-content: stretch;
  -webkit-flex-wrap: wrap;
  -ms-flex-wrap: wrap;
  flex-wrap: wrap;
}

.c1 {
  -webkit-order: 0;
  -ms-flex-order: 0;
  order: 0;
  -webkit-flex-basis: auto;
  -ms-flex-preferred-size: auto;
  flex-basis: auto;
  -webkit-box-flex: 0;
  -webkit-flex-grow: 0;
  -ms-flex-positive: 0;
  flex-grow: 0;
  -webkit-flex-shrink: 1;
  -ms-flex-negative: 1;
  flex-shrink: 1;
  display: block;
  display: -webkit-box;
  display: -webkit-flex;
  display: -ms-flexbox;
  display: flex;
}

.c7 {
  -webkit-order: 0;
  -ms-flex-order: 0;
  order: 0;
  -webkit-flex-basis: auto;
  -ms-flex-preferred-size: auto;
  flex-basis: auto;
  -webkit-box-flex: 0;
  -webkit-flex-grow: 0;
  -ms-flex-positive: 0;
  flex-grow: 0;
  -webkit-flex-shrink: 1;
  -ms-flex-negative: 1;
  flex-shrink: 1;
  display: block;
}

.c14 {
  font-family: sans-serif;
  font-size: 100%;
  line-height: 1.15;
  margin: 0;
  overflow: visible;
  text-transform: none;
  -webkit-appearance: button;
  -moz-appearance: button;
  appearance: button;
}

.c14::-moz-focus-inner,
.c14[type='button']::-moz-focus-inner,
.c14[type='reset']::-moz-focus-inner,
.c14[type='submit']::-moz-focus-inner {
  border-style: none;
  padding: 0;
}

.c14:-moz-focusring,
.c14[type='button']:-moz-focusring,
.c14[type='reset']:-moz-focusring,
.c14[type='submit']:-moz-focusring {
  outline: 0.0625rem dotted ButtonText;
}

.c13 {
  min-width: 7.5rem;
}

.c12 {
  display: inline-block;
}

.c11 {
  box-sizing: border-box;
  display: inline-block;
  -webkit-box-pack: center;
  -webkit-justify-content: center;
  -ms-flex-pack: center;
  justify-content: center;
  -webkit-align-items: center;
  -webkit-box-align: center;
  -ms-flex-align: center;
  align-items: center;
  min-height: 3rem;
  height: 3rem;
  min-width: 7.5rem;
  padding: 0.9375rem 1.125rem;
  position: relative;
  font-family: "Libre Franklin",-apple-system,BlinkMacSystemFont,"Segoe UI",Roboto,Oxygen-Sans,Ubuntu,Cantarell,Helvetica,sans-serif;
  font-size: 0.9375rem;
  text-align: center;
  font-style: normal;
  font-stretch: normal;
  line-height: normal;
  -webkit-letter-spacing: normal;
  -moz-letter-spacing: normal;
  -ms-letter-spacing: normal;
  letter-spacing: normal;
  -webkit-text-decoration: none;
  text-decoration: none;
  white-space: nowrap;
  vertical-align: middle;
  touch-action: manipulation;
  cursor: pointer;
  color: rgb(255,255,255);
  -webkit-text-fill-color: currentcolor;
  background-image: none;
  background-color: rgb(59,70,204);
  border-radius: 0.25rem;
  border: solid 0.0625rem rgb(45,56,132);
  color: rgb(70,70,70);
  -webkit-text-fill-color: currentcolor;
  background-color: rgb(255,255,255);
  border-color: rgb(216,216,216);
  display: -webkit-inline-box;
  display: -webkit-inline-flex;
  display: -ms-inline-flexbox;
  display: inline-flex;
  -webkit-align-items: center;
  -webkit-box-align: center;
  -ms-flex-align: center;
  align-items: center;
}

.c11:focus {
  outline: 0;
  -webkit-text-decoration: none;
  text-decoration: none;
  background-color: rgb(59,70,204);
  border-color: rgb(45,56,132);
}

.c11:hover {
  background-color: rgb(72,83,217);
  border: solid 0.0625rem rgb(45,56,132);
}

.c11:active,
.c11:active:hover,
.c11:active:focus {
  background-image: none;
  outline: 0;
  background-color: rgb(45,56,132);
  border-color: rgb(45,56,132);
}

.c11[disabled] {
  cursor: not-allowed;
  pointer-events: none;
}

.c11:focus {
  background-color: rgb(255,255,255);
  border-color: rgb(216,216,216);
}

.c11:hover {
  background-color: rgb(247,247,247);
  border-color: rgb(216,216,216);
}

.c11:active,
.c11:active:hover,
.c11:active:focus {
  background-color: rgb(230,230,230);
  border-color: rgb(216,216,216);
}

.c4 {
  font-size: 0.9375rem;
  line-height: 1.125rem;
  font-style: normal;
  font-stretch: normal;
  display: block;
  color: rgb(70,70,70);
  text-align: left;
}

.c9 {
  box-sizing: border-box;
  display: -webkit-box;
  display: -webkit-flex;
  display: -ms-flexbox;
  display: flex;
  -webkit-flex: 1 1 auto;
  -ms-flex: 1 1 auto;
  flex: 1 1 auto;
  -webkit-flex-direction: row;
  -ms-flex-direction: row;
  flex-direction: row;
  -webkit-flex-wrap: wrap;
  -ms-flex-wrap: wrap;
  flex-wrap: wrap;
  margin-right: -0.625rem;
  margin-left: -0.625rem;
}

.c8 {
  background-color: rgb(216,216,216);
  background-color: transparent;
}

.c2 {
  display: inline-block;
  padding: 0;
  border: none;
  overflow: hidden;
  height: auto;
  -webkit-padding-before: 0;
  -webkit-padding-start: 0;
  -webkit-padding-end: 0;
  -webkit-padding-after: 0;
  width: 100%;
}

.c6 {
  box-sizing: border-box;
  width: 18.75rem;
  height: 3rem;
  min-height: 3rem;
  padding: 0.8125rem 0.75rem;
  border-radius: 0.25rem;
  background-color: rgb(255,255,255);
  border: 0.0625rem solid rgb(216,216,216);
  color: rgb(73,73,73);
  font-size: 0.9375rem;
  line-height: normal !important;
  font-style: normal;
  font-stretch: normal;
  -webkit-appearance: none;
  -moz-appearance: none;
  appearance: none;
  outline: 0;
  max-width: 22.1875rem;
  text-overflow: ellipsis;
}

.c6:focus {
  border-color: rgb(59,70,204);
  outline: 0;
}

.c6::-webkit-input-placeholder {
  color: rgba(73,73,73,0.5);
}

.c6::-moz-placeholder {
  color: rgba(73,73,73,0.5);
}

.c6:-ms-input-placeholder {
  color: rgba(73,73,73,0.5);
}

.c6:invalid {
  box-shadow: none;
}

.c6:disabled {
  background-color: rgb(250,250,250);
  color: rgb(216,216,216);
  cursor: not-allowed;
}

.c6:disabled::-webkit-input-placeholder {
  color: rgba(73,73,73,0.5);
}

.c6:disabled::-moz-placeholder {
  color: rgba(73,73,73,0.5);
}

.c6:disabled:-ms-input-placeholder {
  color: rgba(73,73,73,0.5);
}

.c3 {
  font-weight: 600;
  white-space: pre;
  font-size: 0.8125rem;
}

<form>
  <div
    className="c0"
    wrap={true}
  >
    <div
      className="c1"
    >
      <div
        className="c2"
        name="name"
        role="group"
        style={undefined}
      >
        <label
          className="c3 c4"
          htmlFor="k"
        >
          Instance name
        </label>
        <div
          className="c5"
        >
          <input
            className="c6"
            disabled={false}
            id="k"
            onBlur={null}
            placeholder={undefined}
          />
        </div>
      </div>
    </div>
    <div
      className="c7"
    >
      <div
        className="c8 c9"
        height="0.8125rem"
      />
      <div
        className="c10"
      >
        <button
          className="c11 c12 c13 c14"
          data-ui-button="true"
          href=""
          icon={true}
          onClick={undefined}
          type="button"
        >
          <svg
            height="18.22"
            style={
              Object {
                "transform": "rotate(0deg)",
              }
            }
            version="1.1"
            viewBox="0 0 18.22 18.22"
            width="18.22"
            xmlns="http://www.w3.org/2000/svg"
            xmlnsXlink="http://www.w3.org/1999/xlink"
          >
            <path
              d="M6.32,1l4.55,5.31L5.56,10.87,1,5.56,6.32,1m0-1a1,1,0,0,0-.65.24L.35,4.8A1,1,0,0,0,.24,6.21L4.8,11.52a1,1,0,0,0,1.41.11l5.31-4.56a1,1,0,0,0,.11-1.4L7.07.35A1,1,0,0,0,6.32,0Zm4.14,8.65,6.76,1.81-1.8,6.76-6.77-1.8,1.81-6.77m0-1a1,1,0,0,0-1,.74l-1.8,6.77a1,1,0,0,0,.7,1.22l6.77,1.81a1.09,1.09,0,0,0,.26,0,1,1,0,0,0,1-.74l1.81-6.77a1,1,0,0,0-.71-1.22l-6.77-1.8a.73.73,0,0,0-.25,0ZM6.86,3.17a1,1,0,1,0-.11,1.41A1,1,0,0,0,6.86,3.17Zm2,2.28A1,1,0,1,0,8.7,6.86,1,1,0,0,0,8.81,5.45Zm-2.28,2a1,1,0,1,0-.11,1.41A1,1,0,0,0,6.53,7.4ZM4.58,5.12a1,1,0,1,0-.11,1.41A1,1,0,0,0,4.58,5.12Zm6.33,5.72a1,1,0,1,0,1.22-.71A1,1,0,0,0,10.91,10.84ZM13,14.51A1,1,0,1,0,15,15,1,1,0,0,0,13,14.51Z"
              fill="rgb(73, 73, 73)"
            />
          </svg>
          <span>
            Randomize
          </span>
        </button>
      </div>
    </div>
  </div>
</form>
`;

exports[`renders <Name expanded /> without throwing 1`] = `
.c5 {
  margin-top: 0.1875rem;
}

.c10 {
  margin-left: 0.375rem;
}

.c0 {
  display: -webkit-box;
  display: -webkit-flex;
  display: -ms-flexbox;
  display: flex;
  -webkit-flex-direction: row;
  -ms-flex-direction: row;
  flex-direction: row;
  -webkit-flex-wrap: nowrap;
  -ms-flex-wrap: nowrap;
  flex-wrap: nowrap;
  -webkit-box-pack: start;
  -webkit-justify-content: flex-start;
  -ms-flex-pack: start;
  justify-content: flex-start;
  -webkit-align-content: stretch;
  -ms-flex-line-pack: stretch;
  align-content: stretch;
  -webkit-flex-wrap: wrap;
  -ms-flex-wrap: wrap;
  flex-wrap: wrap;
}

.c1 {
  -webkit-order: 0;
  -ms-flex-order: 0;
  order: 0;
  -webkit-flex-basis: auto;
  -ms-flex-preferred-size: auto;
  flex-basis: auto;
  -webkit-box-flex: 0;
  -webkit-flex-grow: 0;
  -ms-flex-positive: 0;
  flex-grow: 0;
  -webkit-flex-shrink: 1;
  -ms-flex-negative: 1;
  flex-shrink: 1;
  display: block;
  display: -webkit-box;
  display: -webkit-flex;
  display: -ms-flexbox;
  display: flex;
}

.c7 {
  -webkit-order: 0;
  -ms-flex-order: 0;
  order: 0;
  -webkit-flex-basis: auto;
  -ms-flex-preferred-size: auto;
  flex-basis: auto;
  -webkit-box-flex: 0;
  -webkit-flex-grow: 0;
  -ms-flex-positive: 0;
  flex-grow: 0;
  -webkit-flex-shrink: 1;
  -ms-flex-negative: 1;
  flex-shrink: 1;
  display: block;
}

.c14 {
  font-family: sans-serif;
  font-size: 100%;
  line-height: 1.15;
  margin: 0;
  overflow: visible;
  text-transform: none;
  -webkit-appearance: button;
  -moz-appearance: button;
  appearance: button;
}

.c14::-moz-focus-inner,
.c14[type='button']::-moz-focus-inner,
.c14[type='reset']::-moz-focus-inner,
.c14[type='submit']::-moz-focus-inner {
  border-style: none;
  padding: 0;
}

.c14:-moz-focusring,
.c14[type='button']:-moz-focusring,
.c14[type='reset']:-moz-focusring,
.c14[type='submit']:-moz-focusring {
  outline: 0.0625rem dotted ButtonText;
}

.c13 {
  min-width: 7.5rem;
}

.c12 {
  display: inline-block;
}

.c11 {
  box-sizing: border-box;
  display: inline-block;
  -webkit-box-pack: center;
  -webkit-justify-content: center;
  -ms-flex-pack: center;
  justify-content: center;
  -webkit-align-items: center;
  -webkit-box-align: center;
  -ms-flex-align: center;
  align-items: center;
  min-height: 3rem;
  height: 3rem;
  min-width: 7.5rem;
  padding: 0.9375rem 1.125rem;
  position: relative;
  font-family: "Libre Franklin",-apple-system,BlinkMacSystemFont,"Segoe UI",Roboto,Oxygen-Sans,Ubuntu,Cantarell,Helvetica,sans-serif;
  font-size: 0.9375rem;
  text-align: center;
  font-style: normal;
  font-stretch: normal;
  line-height: normal;
  -webkit-letter-spacing: normal;
  -moz-letter-spacing: normal;
  -ms-letter-spacing: normal;
  letter-spacing: normal;
  -webkit-text-decoration: none;
  text-decoration: none;
  white-space: nowrap;
  vertical-align: middle;
  touch-action: manipulation;
  cursor: pointer;
  color: rgb(255,255,255);
  -webkit-text-fill-color: currentcolor;
  background-image: none;
  background-color: rgb(59,70,204);
  border-radius: 0.25rem;
  border: solid 0.0625rem rgb(45,56,132);
  color: rgb(70,70,70);
  -webkit-text-fill-color: currentcolor;
  background-color: rgb(255,255,255);
  border-color: rgb(216,216,216);
  display: -webkit-inline-box;
  display: -webkit-inline-flex;
  display: -ms-inline-flexbox;
  display: inline-flex;
  -webkit-align-items: center;
  -webkit-box-align: center;
  -ms-flex-align: center;
  align-items: center;
}

.c11:focus {
  outline: 0;
  -webkit-text-decoration: none;
  text-decoration: none;
  background-color: rgb(59,70,204);
  border-color: rgb(45,56,132);
}

.c11:hover {
  background-color: rgb(72,83,217);
  border: solid 0.0625rem rgb(45,56,132);
}

.c11:active,
.c11:active:hover,
.c11:active:focus {
  background-image: none;
  outline: 0;
  background-color: rgb(45,56,132);
  border-color: rgb(45,56,132);
}

.c11[disabled] {
  cursor: not-allowed;
  pointer-events: none;
}

.c11:focus {
  background-color: rgb(255,255,255);
  border-color: rgb(216,216,216);
}

.c11:hover {
  background-color: rgb(247,247,247);
  border-color: rgb(216,216,216);
}

.c11:active,
.c11:active:hover,
.c11:active:focus {
  background-color: rgb(230,230,230);
  border-color: rgb(216,216,216);
}

.c4 {
  font-size: 0.9375rem;
  line-height: 1.125rem;
  font-style: normal;
  font-stretch: normal;
  display: block;
  color: rgb(70,70,70);
  text-align: left;
}

.c9 {
  box-sizing: border-box;
  display: -webkit-box;
  display: -webkit-flex;
  display: -ms-flexbox;
  display: flex;
  -webkit-flex: 1 1 auto;
  -ms-flex: 1 1 auto;
  flex: 1 1 auto;
  -webkit-flex-direction: row;
  -ms-flex-direction: row;
  flex-direction: row;
  -webkit-flex-wrap: wrap;
  -ms-flex-wrap: wrap;
  flex-wrap: wrap;
  margin-right: -0.625rem;
  margin-left: -0.625rem;
}

.c8 {
  background-color: rgb(216,216,216);
  background-color: transparent;
}

.c2 {
  display: inline-block;
  padding: 0;
  border: none;
  overflow: hidden;
  height: auto;
  -webkit-padding-before: 0;
  -webkit-padding-start: 0;
  -webkit-padding-end: 0;
  -webkit-padding-after: 0;
  width: 100%;
}

.c6 {
  box-sizing: border-box;
  width: 18.75rem;
  height: 3rem;
  min-height: 3rem;
  padding: 0.8125rem 0.75rem;
  border-radius: 0.25rem;
  background-color: rgb(255,255,255);
  border: 0.0625rem solid rgb(216,216,216);
  color: rgb(73,73,73);
  font-size: 0.9375rem;
  line-height: normal !important;
  font-style: normal;
  font-stretch: normal;
  -webkit-appearance: none;
  -moz-appearance: none;
  appearance: none;
  outline: 0;
  max-width: 22.1875rem;
  text-overflow: ellipsis;
}

.c6:focus {
  border-color: rgb(59,70,204);
  outline: 0;
}

.c6::-webkit-input-placeholder {
  color: rgba(73,73,73,0.5);
}

.c6::-moz-placeholder {
  color: rgba(73,73,73,0.5);
}

.c6:-ms-input-placeholder {
  color: rgba(73,73,73,0.5);
}

.c6:invalid {
  box-shadow: none;
}

.c6:disabled {
  background-color: rgb(250,250,250);
  color: rgb(216,216,216);
  cursor: not-allowed;
}

.c6:disabled::-webkit-input-placeholder {
  color: rgba(73,73,73,0.5);
}

.c6:disabled::-moz-placeholder {
  color: rgba(73,73,73,0.5);
}

.c6:disabled:-ms-input-placeholder {
  color: rgba(73,73,73,0.5);
}

.c3 {
  font-weight: 600;
  white-space: pre;
  font-size: 0.8125rem;
}

<form>
  <div
    className="c0"
    wrap={true}
  >
    <div
      className="c1"
    >
      <div
        className="c2"
        name="name"
        role="group"
        style={undefined}
      >
        <label
          className="c3 c4"
          htmlFor="l"
        >
          Instance name
        </label>
        <div
          className="c5"
        >
          <input
            className="c6"
            disabled={false}
            id="l"
            onBlur={null}
            placeholder={undefined}
          />
        </div>
      </div>
    </div>
    <div
      className="c7"
    >
      <div
        className="c8 c9"
        height="0.8125rem"
      />
      <div
        className="c10"
      >
        <button
          className="c11 c12 c13 c14"
          data-ui-button="true"
          href=""
          icon={true}
          onClick={undefined}
          type="button"
        >
          <svg
            height="18.22"
            style={
              Object {
                "transform": "rotate(0deg)",
              }
            }
            version="1.1"
            viewBox="0 0 18.22 18.22"
            width="18.22"
            xmlns="http://www.w3.org/2000/svg"
            xmlnsXlink="http://www.w3.org/1999/xlink"
          >
            <path
              d="M6.32,1l4.55,5.31L5.56,10.87,1,5.56,6.32,1m0-1a1,1,0,0,0-.65.24L.35,4.8A1,1,0,0,0,.24,6.21L4.8,11.52a1,1,0,0,0,1.41.11l5.31-4.56a1,1,0,0,0,.11-1.4L7.07.35A1,1,0,0,0,6.32,0Zm4.14,8.65,6.76,1.81-1.8,6.76-6.77-1.8,1.81-6.77m0-1a1,1,0,0,0-1,.74l-1.8,6.77a1,1,0,0,0,.7,1.22l6.77,1.81a1.09,1.09,0,0,0,.26,0,1,1,0,0,0,1-.74l1.81-6.77a1,1,0,0,0-.71-1.22l-6.77-1.8a.73.73,0,0,0-.25,0ZM6.86,3.17a1,1,0,1,0-.11,1.41A1,1,0,0,0,6.86,3.17Zm2,2.28A1,1,0,1,0,8.7,6.86,1,1,0,0,0,8.81,5.45Zm-2.28,2a1,1,0,1,0-.11,1.41A1,1,0,0,0,6.53,7.4ZM4.58,5.12a1,1,0,1,0-.11,1.41A1,1,0,0,0,4.58,5.12Zm6.33,5.72a1,1,0,1,0,1.22-.71A1,1,0,0,0,10.91,10.84ZM13,14.51A1,1,0,1,0,15,15,1,1,0,0,0,13,14.51Z"
              fill="rgb(73, 73, 73)"
            />
          </svg>
          <span>
            Randomize
          </span>
        </button>
      </div>
    </div>
  </div>
</form>
`;

exports[`renders <Name name="test" /> without throwing 1`] = `
.c5 {
  margin-top: 0.1875rem;
}

.c10 {
  margin-left: 0.375rem;
}

.c0 {
  display: -webkit-box;
  display: -webkit-flex;
  display: -ms-flexbox;
  display: flex;
  -webkit-flex-direction: row;
  -ms-flex-direction: row;
  flex-direction: row;
  -webkit-flex-wrap: nowrap;
  -ms-flex-wrap: nowrap;
  flex-wrap: nowrap;
  -webkit-box-pack: start;
  -webkit-justify-content: flex-start;
  -ms-flex-pack: start;
  justify-content: flex-start;
  -webkit-align-content: stretch;
  -ms-flex-line-pack: stretch;
  align-content: stretch;
  -webkit-flex-wrap: wrap;
  -ms-flex-wrap: wrap;
  flex-wrap: wrap;
}

.c1 {
  -webkit-order: 0;
  -ms-flex-order: 0;
  order: 0;
  -webkit-flex-basis: auto;
  -ms-flex-preferred-size: auto;
  flex-basis: auto;
  -webkit-box-flex: 0;
  -webkit-flex-grow: 0;
  -ms-flex-positive: 0;
  flex-grow: 0;
  -webkit-flex-shrink: 1;
  -ms-flex-negative: 1;
  flex-shrink: 1;
  display: block;
  display: -webkit-box;
  display: -webkit-flex;
  display: -ms-flexbox;
  display: flex;
}

.c7 {
  -webkit-order: 0;
  -ms-flex-order: 0;
  order: 0;
  -webkit-flex-basis: auto;
  -ms-flex-preferred-size: auto;
  flex-basis: auto;
  -webkit-box-flex: 0;
  -webkit-flex-grow: 0;
  -ms-flex-positive: 0;
  flex-grow: 0;
  -webkit-flex-shrink: 1;
  -ms-flex-negative: 1;
  flex-shrink: 1;
  display: block;
}

.c14 {
  font-family: sans-serif;
  font-size: 100%;
  line-height: 1.15;
  margin: 0;
  overflow: visible;
  text-transform: none;
  -webkit-appearance: button;
  -moz-appearance: button;
  appearance: button;
}

.c14::-moz-focus-inner,
.c14[type='button']::-moz-focus-inner,
.c14[type='reset']::-moz-focus-inner,
.c14[type='submit']::-moz-focus-inner {
  border-style: none;
  padding: 0;
}

.c14:-moz-focusring,
.c14[type='button']:-moz-focusring,
.c14[type='reset']:-moz-focusring,
.c14[type='submit']:-moz-focusring {
  outline: 0.0625rem dotted ButtonText;
}

.c13 {
  min-width: 7.5rem;
}

.c12 {
  display: inline-block;
}

.c11 {
  box-sizing: border-box;
  display: inline-block;
  -webkit-box-pack: center;
  -webkit-justify-content: center;
  -ms-flex-pack: center;
  justify-content: center;
  -webkit-align-items: center;
  -webkit-box-align: center;
  -ms-flex-align: center;
  align-items: center;
  min-height: 3rem;
  height: 3rem;
  min-width: 7.5rem;
  padding: 0.9375rem 1.125rem;
  position: relative;
  font-family: "Libre Franklin",-apple-system,BlinkMacSystemFont,"Segoe UI",Roboto,Oxygen-Sans,Ubuntu,Cantarell,Helvetica,sans-serif;
  font-size: 0.9375rem;
  text-align: center;
  font-style: normal;
  font-stretch: normal;
  line-height: normal;
  -webkit-letter-spacing: normal;
  -moz-letter-spacing: normal;
  -ms-letter-spacing: normal;
  letter-spacing: normal;
  -webkit-text-decoration: none;
  text-decoration: none;
  white-space: nowrap;
  vertical-align: middle;
  touch-action: manipulation;
  cursor: pointer;
  color: rgb(255,255,255);
  -webkit-text-fill-color: currentcolor;
  background-image: none;
  background-color: rgb(59,70,204);
  border-radius: 0.25rem;
  border: solid 0.0625rem rgb(45,56,132);
  color: rgb(70,70,70);
  -webkit-text-fill-color: currentcolor;
  background-color: rgb(255,255,255);
  border-color: rgb(216,216,216);
  display: -webkit-inline-box;
  display: -webkit-inline-flex;
  display: -ms-inline-flexbox;
  display: inline-flex;
  -webkit-align-items: center;
  -webkit-box-align: center;
  -ms-flex-align: center;
  align-items: center;
}

.c11:focus {
  outline: 0;
  -webkit-text-decoration: none;
  text-decoration: none;
  background-color: rgb(59,70,204);
  border-color: rgb(45,56,132);
}

.c11:hover {
  background-color: rgb(72,83,217);
  border: solid 0.0625rem rgb(45,56,132);
}

.c11:active,
.c11:active:hover,
.c11:active:focus {
  background-image: none;
  outline: 0;
  background-color: rgb(45,56,132);
  border-color: rgb(45,56,132);
}

.c11[disabled] {
  cursor: not-allowed;
  pointer-events: none;
}

.c11:focus {
  background-color: rgb(255,255,255);
  border-color: rgb(216,216,216);
}

.c11:hover {
  background-color: rgb(247,247,247);
  border-color: rgb(216,216,216);
}

.c11:active,
.c11:active:hover,
.c11:active:focus {
  background-color: rgb(230,230,230);
  border-color: rgb(216,216,216);
}

.c4 {
  font-size: 0.9375rem;
  line-height: 1.125rem;
  font-style: normal;
  font-stretch: normal;
  display: block;
  color: rgb(70,70,70);
  text-align: left;
}

.c9 {
  box-sizing: border-box;
  display: -webkit-box;
  display: -webkit-flex;
  display: -ms-flexbox;
  display: flex;
  -webkit-flex: 1 1 auto;
  -ms-flex: 1 1 auto;
  flex: 1 1 auto;
  -webkit-flex-direction: row;
  -ms-flex-direction: row;
  flex-direction: row;
  -webkit-flex-wrap: wrap;
  -ms-flex-wrap: wrap;
  flex-wrap: wrap;
  margin-right: -0.625rem;
  margin-left: -0.625rem;
}

.c8 {
  background-color: rgb(216,216,216);
  background-color: transparent;
}

.c2 {
  display: inline-block;
  padding: 0;
  border: none;
  overflow: hidden;
  height: auto;
  -webkit-padding-before: 0;
  -webkit-padding-start: 0;
  -webkit-padding-end: 0;
  -webkit-padding-after: 0;
  width: 100%;
}

.c6 {
  box-sizing: border-box;
  width: 18.75rem;
  height: 3rem;
  min-height: 3rem;
  padding: 0.8125rem 0.75rem;
  border-radius: 0.25rem;
  background-color: rgb(255,255,255);
  border: 0.0625rem solid rgb(216,216,216);
  color: rgb(73,73,73);
  font-size: 0.9375rem;
  line-height: normal !important;
  font-style: normal;
  font-stretch: normal;
  -webkit-appearance: none;
  -moz-appearance: none;
  appearance: none;
  outline: 0;
  max-width: 22.1875rem;
  text-overflow: ellipsis;
}

.c6:focus {
  border-color: rgb(59,70,204);
  outline: 0;
}

.c6::-webkit-input-placeholder {
  color: rgba(73,73,73,0.5);
}

.c6::-moz-placeholder {
  color: rgba(73,73,73,0.5);
}

.c6:-ms-input-placeholder {
  color: rgba(73,73,73,0.5);
}

.c6:invalid {
  box-shadow: none;
}

.c6:disabled {
  background-color: rgb(250,250,250);
  color: rgb(216,216,216);
  cursor: not-allowed;
}

.c6:disabled::-webkit-input-placeholder {
  color: rgba(73,73,73,0.5);
}

.c6:disabled::-moz-placeholder {
  color: rgba(73,73,73,0.5);
}

.c6:disabled:-ms-input-placeholder {
  color: rgba(73,73,73,0.5);
}

.c3 {
  font-weight: 600;
  white-space: pre;
  font-size: 0.8125rem;
}

<form>
  <div
    className="c0"
    wrap={true}
  >
    <div
      className="c1"
    >
      <div
        className="c2"
        name="name"
        role="group"
        style={undefined}
      >
        <label
          className="c3 c4"
          htmlFor="m"
        >
          Instance name
        </label>
        <div
          className="c5"
        >
          <input
            className="c6"
            disabled={false}
            id="m"
            onBlur={null}
            placeholder={undefined}
          />
        </div>
      </div>
    </div>
    <div
      className="c7"
    >
      <div
        className="c8 c9"
        height="0.8125rem"
      />
      <div
        className="c10"
      >
        <button
          className="c11 c12 c13 c14"
          data-ui-button="true"
          href=""
          icon={true}
          onClick={undefined}
          type="button"
        >
          <svg
            height="18.22"
            style={
              Object {
                "transform": "rotate(0deg)",
              }
            }
            version="1.1"
            viewBox="0 0 18.22 18.22"
            width="18.22"
            xmlns="http://www.w3.org/2000/svg"
            xmlnsXlink="http://www.w3.org/1999/xlink"
          >
            <path
              d="M6.32,1l4.55,5.31L5.56,10.87,1,5.56,6.32,1m0-1a1,1,0,0,0-.65.24L.35,4.8A1,1,0,0,0,.24,6.21L4.8,11.52a1,1,0,0,0,1.41.11l5.31-4.56a1,1,0,0,0,.11-1.4L7.07.35A1,1,0,0,0,6.32,0Zm4.14,8.65,6.76,1.81-1.8,6.76-6.77-1.8,1.81-6.77m0-1a1,1,0,0,0-1,.74l-1.8,6.77a1,1,0,0,0,.7,1.22l6.77,1.81a1.09,1.09,0,0,0,.26,0,1,1,0,0,0,1-.74l1.81-6.77a1,1,0,0,0-.71-1.22l-6.77-1.8a.73.73,0,0,0-.25,0ZM6.86,3.17a1,1,0,1,0-.11,1.41A1,1,0,0,0,6.86,3.17Zm2,2.28A1,1,0,1,0,8.7,6.86,1,1,0,0,0,8.81,5.45Zm-2.28,2a1,1,0,1,0-.11,1.41A1,1,0,0,0,6.53,7.4ZM4.58,5.12a1,1,0,1,0-.11,1.41A1,1,0,0,0,4.58,5.12Zm6.33,5.72a1,1,0,1,0,1.22-.71A1,1,0,0,0,10.91,10.84ZM13,14.51A1,1,0,1,0,15,15,1,1,0,0,0,13,14.51Z"
              fill="rgb(73, 73, 73)"
            />
          </svg>
          <span>
            Randomize
          </span>
        </button>
      </div>
    </div>
  </div>
</form>
`;

exports[`renders <Name pristine={false} /> without throwing 1`] = `
.c5 {
  margin-top: 0.1875rem;
}

.c10 {
  margin-left: 0.375rem;
}

.c0 {
  display: -webkit-box;
  display: -webkit-flex;
  display: -ms-flexbox;
  display: flex;
  -webkit-flex-direction: row;
  -ms-flex-direction: row;
  flex-direction: row;
  -webkit-flex-wrap: nowrap;
  -ms-flex-wrap: nowrap;
  flex-wrap: nowrap;
  -webkit-box-pack: start;
  -webkit-justify-content: flex-start;
  -ms-flex-pack: start;
  justify-content: flex-start;
  -webkit-align-content: stretch;
  -ms-flex-line-pack: stretch;
  align-content: stretch;
  -webkit-flex-wrap: wrap;
  -ms-flex-wrap: wrap;
  flex-wrap: wrap;
}

.c1 {
  -webkit-order: 0;
  -ms-flex-order: 0;
  order: 0;
  -webkit-flex-basis: auto;
  -ms-flex-preferred-size: auto;
  flex-basis: auto;
  -webkit-box-flex: 0;
  -webkit-flex-grow: 0;
  -ms-flex-positive: 0;
  flex-grow: 0;
  -webkit-flex-shrink: 1;
  -ms-flex-negative: 1;
  flex-shrink: 1;
  display: block;
  display: -webkit-box;
  display: -webkit-flex;
  display: -ms-flexbox;
  display: flex;
}

.c7 {
  -webkit-order: 0;
  -ms-flex-order: 0;
  order: 0;
  -webkit-flex-basis: auto;
  -ms-flex-preferred-size: auto;
  flex-basis: auto;
  -webkit-box-flex: 0;
  -webkit-flex-grow: 0;
  -ms-flex-positive: 0;
  flex-grow: 0;
  -webkit-flex-shrink: 1;
  -ms-flex-negative: 1;
  flex-shrink: 1;
  display: block;
}

.c14 {
  font-family: sans-serif;
  font-size: 100%;
  line-height: 1.15;
  margin: 0;
  overflow: visible;
  text-transform: none;
  -webkit-appearance: button;
  -moz-appearance: button;
  appearance: button;
}

.c14::-moz-focus-inner,
.c14[type='button']::-moz-focus-inner,
.c14[type='reset']::-moz-focus-inner,
.c14[type='submit']::-moz-focus-inner {
  border-style: none;
  padding: 0;
}

.c14:-moz-focusring,
.c14[type='button']:-moz-focusring,
.c14[type='reset']:-moz-focusring,
.c14[type='submit']:-moz-focusring {
  outline: 0.0625rem dotted ButtonText;
}

.c13 {
  min-width: 7.5rem;
}

.c12 {
  display: inline-block;
}

.c11 {
  box-sizing: border-box;
  display: inline-block;
  -webkit-box-pack: center;
  -webkit-justify-content: center;
  -ms-flex-pack: center;
  justify-content: center;
  -webkit-align-items: center;
  -webkit-box-align: center;
  -ms-flex-align: center;
  align-items: center;
  min-height: 3rem;
  height: 3rem;
  min-width: 7.5rem;
  padding: 0.9375rem 1.125rem;
  position: relative;
  font-family: "Libre Franklin",-apple-system,BlinkMacSystemFont,"Segoe UI",Roboto,Oxygen-Sans,Ubuntu,Cantarell,Helvetica,sans-serif;
  font-size: 0.9375rem;
  text-align: center;
  font-style: normal;
  font-stretch: normal;
  line-height: normal;
  -webkit-letter-spacing: normal;
  -moz-letter-spacing: normal;
  -ms-letter-spacing: normal;
  letter-spacing: normal;
  -webkit-text-decoration: none;
  text-decoration: none;
  white-space: nowrap;
  vertical-align: middle;
  touch-action: manipulation;
  cursor: pointer;
  color: rgb(255,255,255);
  -webkit-text-fill-color: currentcolor;
  background-image: none;
  background-color: rgb(59,70,204);
  border-radius: 0.25rem;
  border: solid 0.0625rem rgb(45,56,132);
  color: rgb(70,70,70);
  -webkit-text-fill-color: currentcolor;
  background-color: rgb(255,255,255);
  border-color: rgb(216,216,216);
  display: -webkit-inline-box;
  display: -webkit-inline-flex;
  display: -ms-inline-flexbox;
  display: inline-flex;
  -webkit-align-items: center;
  -webkit-box-align: center;
  -ms-flex-align: center;
  align-items: center;
}

.c11:focus {
  outline: 0;
  -webkit-text-decoration: none;
  text-decoration: none;
  background-color: rgb(59,70,204);
  border-color: rgb(45,56,132);
}

.c11:hover {
  background-color: rgb(72,83,217);
  border: solid 0.0625rem rgb(45,56,132);
}

.c11:active,
.c11:active:hover,
.c11:active:focus {
  background-image: none;
  outline: 0;
  background-color: rgb(45,56,132);
  border-color: rgb(45,56,132);
}

.c11[disabled] {
  cursor: not-allowed;
  pointer-events: none;
}

.c11:focus {
  background-color: rgb(255,255,255);
  border-color: rgb(216,216,216);
}

.c11:hover {
  background-color: rgb(247,247,247);
  border-color: rgb(216,216,216);
}

.c11:active,
.c11:active:hover,
.c11:active:focus {
  background-color: rgb(230,230,230);
  border-color: rgb(216,216,216);
}

.c4 {
  font-size: 0.9375rem;
  line-height: 1.125rem;
  font-style: normal;
  font-stretch: normal;
  display: block;
  color: rgb(70,70,70);
  text-align: left;
}

.c9 {
  box-sizing: border-box;
  display: -webkit-box;
  display: -webkit-flex;
  display: -ms-flexbox;
  display: flex;
  -webkit-flex: 1 1 auto;
  -ms-flex: 1 1 auto;
  flex: 1 1 auto;
  -webkit-flex-direction: row;
  -ms-flex-direction: row;
  flex-direction: row;
  -webkit-flex-wrap: wrap;
  -ms-flex-wrap: wrap;
  flex-wrap: wrap;
  margin-right: -0.625rem;
  margin-left: -0.625rem;
}

.c8 {
  background-color: rgb(216,216,216);
  background-color: transparent;
}

.c2 {
  display: inline-block;
  padding: 0;
  border: none;
  overflow: hidden;
  height: auto;
  -webkit-padding-before: 0;
  -webkit-padding-start: 0;
  -webkit-padding-end: 0;
  -webkit-padding-after: 0;
  width: 100%;
}

.c6 {
  box-sizing: border-box;
  width: 18.75rem;
  height: 3rem;
  min-height: 3rem;
  padding: 0.8125rem 0.75rem;
  border-radius: 0.25rem;
  background-color: rgb(255,255,255);
  border: 0.0625rem solid rgb(216,216,216);
  color: rgb(73,73,73);
  font-size: 0.9375rem;
  line-height: normal !important;
  font-style: normal;
  font-stretch: normal;
  -webkit-appearance: none;
  -moz-appearance: none;
  appearance: none;
  outline: 0;
  max-width: 22.1875rem;
  text-overflow: ellipsis;
}

.c6:focus {
  border-color: rgb(59,70,204);
  outline: 0;
}

.c6::-webkit-input-placeholder {
  color: rgba(73,73,73,0.5);
}

.c6::-moz-placeholder {
  color: rgba(73,73,73,0.5);
}

.c6:-ms-input-placeholder {
  color: rgba(73,73,73,0.5);
}

.c6:invalid {
  box-shadow: none;
}

.c6:disabled {
  background-color: rgb(250,250,250);
  color: rgb(216,216,216);
  cursor: not-allowed;
}

.c6:disabled::-webkit-input-placeholder {
  color: rgba(73,73,73,0.5);
}

.c6:disabled::-moz-placeholder {
  color: rgba(73,73,73,0.5);
}

.c6:disabled:-ms-input-placeholder {
  color: rgba(73,73,73,0.5);
}

.c3 {
  font-weight: 600;
  white-space: pre;
  font-size: 0.8125rem;
}

<form>
  <div
    className="c0"
    wrap={true}
  >
    <div
      className="c1"
    >
      <div
        className="c2"
        name="name"
        role="group"
        style={undefined}
      >
        <label
          className="c3 c4"
          htmlFor="n"
        >
          Instance name
        </label>
        <div
          className="c5"
        >
          <input
            className="c6"
            disabled={false}
            id="n"
            onBlur={null}
            placeholder={undefined}
          />
        </div>
      </div>
    </div>
    <div
      className="c7"
    >
      <div
        className="c8 c9"
        height="0.8125rem"
      />
      <div
        className="c10"
      >
        <button
          className="c11 c12 c13 c14"
          data-ui-button="true"
          href=""
          icon={true}
          onClick={undefined}
          type="button"
        >
          <svg
            height="18.22"
            style={
              Object {
                "transform": "rotate(0deg)",
              }
            }
            version="1.1"
            viewBox="0 0 18.22 18.22"
            width="18.22"
            xmlns="http://www.w3.org/2000/svg"
            xmlnsXlink="http://www.w3.org/1999/xlink"
          >
            <path
              d="M6.32,1l4.55,5.31L5.56,10.87,1,5.56,6.32,1m0-1a1,1,0,0,0-.65.24L.35,4.8A1,1,0,0,0,.24,6.21L4.8,11.52a1,1,0,0,0,1.41.11l5.31-4.56a1,1,0,0,0,.11-1.4L7.07.35A1,1,0,0,0,6.32,0Zm4.14,8.65,6.76,1.81-1.8,6.76-6.77-1.8,1.81-6.77m0-1a1,1,0,0,0-1,.74l-1.8,6.77a1,1,0,0,0,.7,1.22l6.77,1.81a1.09,1.09,0,0,0,.26,0,1,1,0,0,0,1-.74l1.81-6.77a1,1,0,0,0-.71-1.22l-6.77-1.8a.73.73,0,0,0-.25,0ZM6.86,3.17a1,1,0,1,0-.11,1.41A1,1,0,0,0,6.86,3.17Zm2,2.28A1,1,0,1,0,8.7,6.86,1,1,0,0,0,8.81,5.45Zm-2.28,2a1,1,0,1,0-.11,1.41A1,1,0,0,0,6.53,7.4ZM4.58,5.12a1,1,0,1,0-.11,1.41A1,1,0,0,0,4.58,5.12Zm6.33,5.72a1,1,0,1,0,1.22-.71A1,1,0,0,0,10.91,10.84ZM13,14.51A1,1,0,1,0,15,15,1,1,0,0,0,13,14.51Z"
              fill="rgb(73, 73, 73)"
            />
          </svg>
          <span>
            Randomize
          </span>
        </button>
      </div>
    </div>
  </div>
</form>
`;
