// Jest Snapshot v1, https://goo.gl/fbAQLP

exports[`label label 1`] = `
.c0 {
  font-size: 0.9375rem;
  line-height: 1.125rem;
  font-style: normal;
  font-stretch: normal;
  display: block;
  color: rgb(70,70,70);
  text-align: left;
}

<label
  className="c0"
>
  I am a label
</label>
`;
