// Jest Snapshot v1, https://goo.gl/fbAQLP

exports[`StatusLoader StatusLoader 1`] = `
.c1 {
  fill: rgb(59,70,204);
  stroke: rgb(59,70,204);
  -webkit-animation: iCqDak 1.5s ease-out 0s infinite;
  animation: iCqDak 1.5s ease-out 0s infinite;
}

.c2 {
  -webkit-animation-delay: 0.5s;
  animation-delay: 0.5s;
}

.c3 {
  -webkit-animation-delay: 1s;
  animation-delay: 1s;
}

.c5 {
  color: rgb(73,73,73);
  line-height: 1.5rem;
  font-size: 0.9375rem;
}

.c0 {
  display: -webkit-box;
  display: -webkit-flex;
  display: -ms-flexbox;
  display: flex;
  -webkit-flex-direction: column;
  -ms-flex-direction: column;
  flex-direction: column;
  -webkit-flex-wrap: nowrap;
  -ms-flex-wrap: nowrap;
  flex-wrap: nowrap;
  -webkit-box-pack: center;
  -webkit-justify-content: center;
  -ms-flex-pack: center;
  justify-content: center;
  -webkit-align-content: center;
  -ms-flex-line-pack: center;
  align-content: center;
  -webkit-align-items: center;
  -webkit-box-align: center;
  -ms-flex-align: center;
  align-items: center;
  min-height: 1.25rem;
  -webkit-flex: 1 0 auto;
  -ms-flex: 1 0 auto;
  flex: 1 0 auto;
}

.c4 {
  -webkit-flex: 0 0 auto;
  -ms-flex: 0 0 auto;
  flex: 0 0 auto;
  -webkit-align-self: stretch;
  -ms-flex-item-align: stretch;
  align-self: stretch;
  text-align: center;
}

<div
  className="c0"
>
  <svg
    height="10"
    width="28"
  >
    <rect
      className="c1"
      height="6"
      width="6"
      x="2"
      y="2"
    />
    <rect
      className="c2 c1"
      height="6"
      width="6"
      x="11"
      y="2"
    />
    <rect
      className="c3 c1"
      height="6"
      width="6"
      x="20"
      y="2"
    />
  </svg>
  <p
    className="c4 c5"
  >
    Loading...
  </p>
</div>
`;
